============================================================
Converting Raw Data to JSONL Format (V1)
============================================================
Processing train: 147289 images found
  Processed 100 records...
  Processed 200 records...
  Processed 300 records...
  Processed 400 records...
  Processed 500 records...
  Processed 600 records...
  Processed 700 records...
  Processed 800 records...
  Processed 900 records...
  Processed 1000 records...
  Processed 1100 records...
  Processed 1200 records...
  Processed 1300 records...
  Processed 1400 records...
  Processed 1500 records...
  Processed 1600 records...
  Processed 1700 records...
  Processed 1800 records...
  Processed 1900 records...
  Processed 2000 records...
  Processed 2100 records...
  Processed 2200 records...
  Processed 2300 records...
  Processed 2400 records...
  Processed 2500 records...
  Processed 2600 records...
  Processed 2700 records...
  Processed 2800 records...
  Processed 2900 records...
  Processed 3000 records...
  Processed 3100 records...
  Processed 3200 records...
  Processed 3300 records...
  Processed 3400 records...
  Processed 3500 records...
  Processed 3600 records...
  Processed 3700 records...
  Processed 3800 records...
  Processed 3900 records...
  Processed 4000 records...
  Processed 4100 records...
  Processed 4200 records...
  Processed 4300 records...
  Processed 4400 records...
  Processed 4500 records...
  Processed 4600 records...
  Processed 4700 records...
  Processed 4800 records...
  Processed 4900 records...
  Processed 5000 records...
  Processed 5100 records...
  Processed 5200 records...
  Processed 5300 records...
  Processed 5400 records...
  Processed 5500 records...
  Processed 5600 records...
  Processed 5700 records...
  Processed 5800 records...
  Processed 5900 records...
  Processed 6000 records...
  Processed 6100 records...
  Processed 6200 records...
  Processed 6300 records...
  Processed 6400 records...
  Processed 6500 records...
  Processed 6600 records...
  Processed 6700 records...
  Processed 6800 records...
  Processed 6900 records...
  Processed 7000 records...
  Processed 7100 records...
  Processed 7200 records...
  Processed 7300 records...
  Processed 7400 records...
  Processed 7500 records...
  Processed 7600 records...
  Processed 7700 records...
  Processed 7800 records...
  Processed 7900 records...
  Processed 8000 records...
  Processed 8100 records...
  Processed 8200 records...
  Processed 8300 records...
  Processed 8400 records...
  Processed 8500 records...
  Processed 8600 records...
  Processed 8700 records...
  Processed 8800 records...
  Processed 8900 records...
  Processed 9000 records...
  Processed 9100 records...
  Processed 9200 records...
  Processed 9300 records...
  Processed 9400 records...
  Processed 9500 records...
  Processed 9600 records...
  Processed 9700 records...
  Processed 9800 records...
  Processed 9900 records...
  Processed 10000 records...
  Processed 10100 records...
  Processed 10200 records...
  Processed 10300 records...
  Processed 10400 records...
  Processed 10500 records...
  Processed 10600 records...
  Processed 10700 records...
  Processed 10800 records...
  Processed 10900 records...
  Processed 11000 records...
  Processed 11100 records...
  Processed 11200 records...
  Processed 11300 records...
  Processed 11400 records...
  Processed 11500 records...
  Processed 11600 records...
  Processed 11700 records...
  Processed 11800 records...
  Processed 11900 records...
  Processed 12000 records...
  Processed 12100 records...
  Processed 12200 records...
  Processed 12300 records...
  Processed 12400 records...
  Processed 12500 records...
  Processed 12600 records...
  Processed 12700 records...
  Processed 12800 records...
  Processed 12900 records...
  Processed 13000 records...
  Processed 13100 records...
  Processed 13200 records...
  Processed 13300 records...
  Processed 13400 records...
  Processed 13500 records...
  Processed 13600 records...
  Processed 13700 records...
  Processed 13800 records...
  Processed 13900 records...
  Processed 14000 records...
  Processed 14100 records...
  Processed 14200 records...
  Processed 14300 records...
  Processed 14400 records...
  Processed 14500 records...
  Processed 14600 records...
  Processed 14700 records...
  Processed 14800 records...
  Processed 14900 records...
  Processed 15000 records...
  Processed 15100 records...
  Processed 15200 records...
  Processed 15300 records...
  Processed 15400 records...
  Processed 15500 records...
  Processed 15600 records...
  Processed 15700 records...
  Processed 15800 records...
  Processed 15900 records...
  Processed 16000 records...
  Processed 16100 records...
  Processed 16200 records...
  Processed 16300 records...
  Processed 16400 records...
  Processed 16500 records...
  Processed 16600 records...
  Processed 16700 records...
  Processed 16800 records...
  Processed 16900 records...
  Processed 17000 records...
  Processed 17100 records...
  Processed 17200 records...
  Processed 17300 records...
  Processed 17400 records...
  Processed 17500 records...
  Processed 17600 records...
  Processed 17700 records...
  Processed 17800 records...
  Processed 17900 records...
  Processed 18000 records...
  Processed 18100 records...
  Processed 18200 records...
  Processed 18300 records...
  Processed 18400 records...
  Processed 18500 records...
  Processed 18600 records...
  Processed 18700 records...
  Processed 18800 records...
  Processed 18900 records...
  Processed 19000 records...
  Processed 19100 records...
  Processed 19200 records...
  Processed 19300 records...
  Processed 19400 records...
  Processed 19500 records...
  Processed 19600 records...
  Processed 19700 records...
  Processed 19800 records...
  Processed 19900 records...
  Processed 20000 records...
  Processed 20100 records...
  Processed 20200 records...
  Processed 20300 records...
  Processed 20400 records...
  Processed 20500 records...
  Processed 20600 records...
  Processed 20700 records...
  Processed 20800 records...
  Processed 20900 records...
  Processed 21000 records...
  Processed 21100 records...
  Processed 21200 records...
  Processed 21300 records...
  Processed 21400 records...
  Processed 21500 records...
  Processed 21600 records...
  Processed 21700 records...
  Processed 21800 records...
  Processed 21900 records...
  Processed 22000 records...
  Processed 22100 records...
  Processed 22200 records...
  Processed 22300 records...
  Processed 22400 records...
  Processed 22500 records...
  Processed 22600 records...
  Processed 22700 records...
  Processed 22800 records...
  Processed 22900 records...
  Processed 23000 records...
  Processed 23100 records...
  Processed 23200 records...
  Processed 23300 records...
  Processed 23400 records...
  Processed 23500 records...
  Processed 23600 records...
  Processed 23700 records...
  Processed 23800 records...
  Processed 23900 records...
  Processed 24000 records...
  Processed 24100 records...
  Processed 24200 records...
  Processed 24300 records...
  Processed 24400 records...
  Processed 24500 records...
  Processed 24600 records...
  Processed 24700 records...
  Processed 24800 records...
  Processed 24900 records...
  Processed 25000 records...
  Processed 25100 records...
  Processed 25200 records...
  Processed 25300 records...
  Processed 25400 records...
  Processed 25500 records...
  Processed 25600 records...
  Processed 25700 records...
  Processed 25800 records...
  Processed 25900 records...
  Processed 26000 records...
  Processed 26100 records...
  Processed 26200 records...
  Processed 26300 records...
  Processed 26400 records...
  Processed 26500 records...
  Processed 26600 records...
  Processed 26700 records...
  Processed 26800 records...
  Processed 26900 records...
  Processed 27000 records...
  Processed 27100 records...
  Processed 27200 records...
  Processed 27300 records...
  Processed 27400 records...
  Processed 27500 records...
  Processed 27600 records...
  Processed 27700 records...
  Processed 27800 records...
  Processed 27900 records...
  Processed 28000 records...
  Processed 28100 records...
  Processed 28200 records...
  Processed 28300 records...
  Processed 28400 records...
  Processed 28500 records...
  Processed 28600 records...
  Processed 28700 records...
  Processed 28800 records...
  Processed 28900 records...
  Processed 29000 records...
  Processed 29100 records...
  Processed 29200 records...
  Processed 29300 records...
  Processed 29400 records...
  Processed 29500 records...
  Processed 29600 records...
  Processed 29700 records...
  Processed 29800 records...
  Processed 29900 records...
  Processed 30000 records...
  Processed 30100 records...
  Processed 30200 records...
  Processed 30300 records...
  Processed 30400 records...
  Processed 30500 records...
  Processed 30600 records...
  Processed 30700 records...
  Processed 30800 records...
  Processed 30900 records...
  Processed 31000 records...
  Processed 31100 records...
  Processed 31200 records...
  Processed 31300 records...
  Processed 31400 records...
  Processed 31500 records...
  Processed 31600 records...
  Processed 31700 records...
  Processed 31800 records...
  Processed 31900 records...
  Processed 32000 records...
  Processed 32100 records...
  Processed 32200 records...
  Processed 32300 records...
  Processed 32400 records...
  Processed 32500 records...
  Processed 32600 records...
  Processed 32700 records...
  Processed 32800 records...
  Processed 32900 records...
  Processed 33000 records...
  Processed 33100 records...
  Processed 33200 records...
  Processed 33300 records...
  Processed 33400 records...
  Processed 33500 records...
  Processed 33600 records...
  Processed 33700 records...
  Processed 33800 records...
  Processed 33900 records...
  Processed 34000 records...
  Processed 34100 records...
  Processed 34200 records...
  Processed 34300 records...
  Processed 34400 records...
  Processed 34500 records...
  Processed 34600 records...
  Processed 34700 records...
  Processed 34800 records...
  Processed 34900 records...
  Processed 35000 records...
  Processed 35100 records...
  Processed 35200 records...
  Processed 35300 records...
  Processed 35400 records...
  Processed 35500 records...
  Processed 35600 records...
  Processed 35700 records...
  Processed 35800 records...
  Processed 35900 records...
  Processed 36000 records...
  Processed 36100 records...
  Processed 36200 records...
  Processed 36300 records...
  Processed 36400 records...
  Processed 36500 records...
  Processed 36600 records...
  Processed 36700 records...
  Processed 36800 records...
  Processed 36900 records...
  Processed 37000 records...
  Processed 37100 records...
  Processed 37200 records...
  Processed 37300 records...
  Processed 37400 records...
  Processed 37500 records...
  Processed 37600 records...
  Processed 37700 records...
  Processed 37800 records...
  Processed 37900 records...
  Processed 38000 records...
  Processed 38100 records...
  Processed 38200 records...
  Processed 38300 records...
  Processed 38400 records...
  Processed 38500 records...
  Processed 38600 records...
  Processed 38700 records...
  Processed 38800 records...
  Processed 38900 records...
  Processed 39000 records...
  Processed 39100 records...
  Processed 39200 records...
  Processed 39300 records...
  Processed 39400 records...
  Processed 39500 records...
  Processed 39600 records...
  Processed 39700 records...
  Processed 39800 records...
  Processed 39900 records...
  Processed 40000 records...
  Processed 40100 records...
  Processed 40200 records...
  Processed 40300 records...
  Processed 40400 records...
  Processed 40500 records...
  Processed 40600 records...
  Processed 40700 records...
  Processed 40800 records...
  Processed 40900 records...
  Processed 41000 records...
  Processed 41100 records...
  Processed 41200 records...
  Processed 41300 records...
  Processed 41400 records...
  Processed 41500 records...
  Processed 41600 records...
  Processed 41700 records...
  Processed 41800 records...
  Processed 41900 records...
  Processed 42000 records...
  Processed 42100 records...
  Processed 42200 records...
  Processed 42300 records...
  Processed 42400 records...
  Processed 42500 records...
  Processed 42600 records...
  Processed 42700 records...
  Processed 42800 records...
  Processed 42900 records...
  Processed 43000 records...
  Processed 43100 records...
  Processed 43200 records...
  Processed 43300 records...
  Processed 43400 records...
  Processed 43500 records...
  Processed 43600 records...
  Processed 43700 records...
  Processed 43800 records...
  Processed 43900 records...
  Processed 44000 records...
  Processed 44100 records...
  Processed 44200 records...
  Processed 44300 records...
  Processed 44400 records...
  Processed 44500 records...
  Processed 44600 records...
  Processed 44700 records...
  Processed 44800 records...
  Processed 44900 records...
  Processed 45000 records...
  Processed 45100 records...
  Processed 45200 records...
  Processed 45300 records...
  Processed 45400 records...
  Processed 45500 records...
  Processed 45600 records...
  Processed 45700 records...
  Processed 45800 records...
  Processed 45900 records...
  Processed 46000 records...
  Processed 46100 records...
  Processed 46200 records...
  Processed 46300 records...
  Processed 46400 records...
  Processed 46500 records...
  Processed 46600 records...
  Processed 46700 records...
  Processed 46800 records...
  Processed 46900 records...
  Processed 47000 records...
  Processed 47100 records...
  Processed 47200 records...
  Processed 47300 records...
  Processed 47400 records...
  Processed 47500 records...
  Processed 47600 records...
  Processed 47700 records...
  Processed 47800 records...
  Processed 47900 records...
  Processed 48000 records...
  Processed 48100 records...
  Processed 48200 records...
  Processed 48300 records...
  Processed 48400 records...
  Processed 48500 records...
  Processed 48600 records...
  Processed 48700 records...
  Processed 48800 records...
  Processed 48900 records...
  Processed 49000 records...
  Processed 49100 records...
  Processed 49200 records...
  Processed 49300 records...
  Processed 49400 records...
  Processed 49500 records...
  Processed 49600 records...
  Processed 49700 records...
  Processed 49800 records...
  Processed 49900 records...
  Processed 50000 records...
  Processed 50100 records...
  Processed 50200 records...
  Processed 50300 records...
  Processed 50400 records...
  Processed 50500 records...
  Processed 50600 records...
  Processed 50700 records...
  Processed 50800 records...
  Processed 50900 records...
  Processed 51000 records...
  Processed 51100 records...
  Processed 51200 records...
  Processed 51300 records...
  Processed 51400 records...
  Processed 51500 records...
  Processed 51600 records...
  Processed 51700 records...
  Processed 51800 records...
  Processed 51900 records...
  Processed 52000 records...
  Processed 52100 records...
  Processed 52200 records...
  Processed 52300 records...
  Processed 52400 records...
  Processed 52500 records...
  Processed 52600 records...
  Processed 52700 records...
  Processed 52800 records...
  Processed 52900 records...
  Processed 53000 records...
  Processed 53100 records...
  Processed 53200 records...
  Processed 53300 records...
  Processed 53400 records...
  Processed 53500 records...
  Processed 53600 records...
  Processed 53700 records...
  Processed 53800 records...
  Processed 53900 records...
  Processed 54000 records...
  Processed 54100 records...
  Processed 54200 records...
  Processed 54300 records...
  Processed 54400 records...
  Processed 54500 records...
  Processed 54600 records...
  Processed 54700 records...
  Processed 54800 records...
  Processed 54900 records...
  Processed 55000 records...
  Processed 55100 records...
  Processed 55200 records...
  Processed 55300 records...
  Processed 55400 records...
  Processed 55500 records...
  Processed 55600 records...
  Processed 55700 records...
  Processed 55800 records...
  Processed 55900 records...
  Processed 56000 records...
  Processed 56100 records...
  Processed 56200 records...
  Processed 56300 records...
  Processed 56400 records...
  Processed 56500 records...
  Processed 56600 records...
  Processed 56700 records...
  Processed 56800 records...
  Processed 56900 records...
  Processed 57000 records...
  Processed 57100 records...
  Processed 57200 records...
  Processed 57300 records...
  Processed 57400 records...
  Processed 57500 records...
  Processed 57600 records...
  Processed 57700 records...
  Processed 57800 records...
  Processed 57900 records...
  Processed 58000 records...
  Processed 58100 records...
  Processed 58200 records...
  Processed 58300 records...
  Processed 58400 records...
  Processed 58500 records...
  Processed 58600 records...
  Processed 58700 records...
  Processed 58800 records...
  Processed 58900 records...
  Processed 59000 records...
  Processed 59100 records...
  Processed 59200 records...
  Processed 59300 records...
  Processed 59400 records...
  Processed 59500 records...
  Processed 59600 records...
  Processed 59700 records...
  Processed 59800 records...
  Processed 59900 records...
  Processed 60000 records...
  Processed 60100 records...
  Processed 60200 records...
  Processed 60300 records...
  Processed 60400 records...
  Processed 60500 records...
  Processed 60600 records...
  Processed 60700 records...
  Processed 60800 records...
  Processed 60900 records...
  Processed 61000 records...
  Processed 61100 records...
  Processed 61200 records...
  Processed 61300 records...
  Processed 61400 records...
  Processed 61500 records...
  Processed 61600 records...
  Processed 61700 records...
  Processed 61800 records...
  Processed 61900 records...
  Processed 62000 records...
  Processed 62100 records...
  Processed 62200 records...
  Processed 62300 records...
  Processed 62400 records...
  Processed 62500 records...
  Processed 62600 records...
  Processed 62700 records...
  Processed 62800 records...
  Processed 62900 records...
  Processed 63000 records...
  Processed 63100 records...
  Processed 63200 records...
  Processed 63300 records...
  Processed 63400 records...
  Processed 63500 records...
  Processed 63600 records...
  Processed 63700 records...
  Processed 63800 records...
  Processed 63900 records...
  Processed 64000 records...
  Processed 64100 records...
  Processed 64200 records...
  Processed 64300 records...
  Processed 64400 records...
  Processed 64500 records...
  Processed 64600 records...
  Processed 64700 records...
  Processed 64800 records...
  Processed 64900 records...
  Processed 65000 records...
  Processed 65100 records...
  Processed 65200 records...
  Processed 65300 records...
  Processed 65400 records...
  Processed 65500 records...
  Processed 65600 records...
  Processed 65700 records...
  Processed 65800 records...
  Processed 65900 records...
  Processed 66000 records...
  Processed 66100 records...
  Processed 66200 records...
  Processed 66300 records...
  Processed 66400 records...
  Processed 66500 records...
  Processed 66600 records...
  Processed 66700 records...
  Processed 66800 records...
  Processed 66900 records...
  Processed 67000 records...
  Processed 67100 records...
  Processed 67200 records...
  Processed 67300 records...
  Processed 67400 records...
  Processed 67500 records...
  Processed 67600 records...
  Processed 67700 records...
  Processed 67800 records...
  Processed 67900 records...
  Processed 68000 records...
  Processed 68100 records...
  Processed 68200 records...
  Processed 68300 records...
  Processed 68400 records...
  Processed 68500 records...
  Processed 68600 records...
  Processed 68700 records...
  Processed 68800 records...
  Processed 68900 records...
  Processed 69000 records...
  Processed 69100 records...
  Processed 69200 records...
  Processed 69300 records...
  Processed 69400 records...
  Processed 69500 records...
  Processed 69600 records...
  Processed 69700 records...
  Processed 69800 records...
  Processed 69900 records...
  Processed 70000 records...
  Processed 70100 records...
  Processed 70200 records...
  Processed 70300 records...
  Processed 70400 records...
  Processed 70500 records...
  Processed 70600 records...
  Processed 70700 records...
  Processed 70800 records...
  Processed 70900 records...
  Processed 71000 records...
  Processed 71100 records...
  Processed 71200 records...
  Processed 71300 records...
  Processed 71400 records...
  Processed 71500 records...
  Processed 71600 records...
  Processed 71700 records...
  Processed 71800 records...
  Processed 71900 records...
  Processed 72000 records...
  Processed 72100 records...
  Processed 72200 records...
  Processed 72300 records...
  Processed 72400 records...
  Processed 72500 records...
  Processed 72600 records...
  Processed 72700 records...
  Processed 72800 records...
  Processed 72900 records...
  Processed 73000 records...
  Processed 73100 records...
  Processed 73200 records...
  Processed 73300 records...
  Processed 73400 records...
  Processed 73500 records...
  Processed 73600 records...
  Processed 73700 records...
  Processed 73800 records...
  Processed 73900 records...
  Processed 74000 records...
  Processed 74100 records...
  Processed 74200 records...
  Processed 74300 records...
  Processed 74400 records...
  Processed 74500 records...
  Processed 74600 records...
  Processed 74700 records...
  Processed 74800 records...
  Processed 74900 records...
  Processed 75000 records...
  Processed 75100 records...
  Processed 75200 records...
  Processed 75300 records...
  Processed 75400 records...
  Processed 75500 records...
  Processed 75600 records...
  Processed 75700 records...
  Processed 75800 records...
  Processed 75900 records...
  Processed 76000 records...
  Processed 76100 records...
  Processed 76200 records...
  Processed 76300 records...
  Processed 76400 records...
  Processed 76500 records...
  Processed 76600 records...
  Processed 76700 records...
  Processed 76800 records...
  Processed 76900 records...
  Processed 77000 records...
  Processed 77100 records...
  Processed 77200 records...
  Processed 77300 records...
  Processed 77400 records...
  Processed 77500 records...
  Processed 77600 records...
  Processed 77700 records...
  Processed 77800 records...
  Processed 77900 records...
  Processed 78000 records...
  Processed 78100 records...
  Processed 78200 records...
  Processed 78300 records...
  Processed 78400 records...
  Processed 78500 records...
  Processed 78600 records...
  Processed 78700 records...
  Processed 78800 records...
  Processed 78900 records...
  Processed 79000 records...
  Processed 79100 records...
  Processed 79200 records...
  Processed 79300 records...
  Processed 79400 records...
  Processed 79500 records...
  Processed 79600 records...
  Processed 79700 records...
  Processed 79800 records...
  Processed 79900 records...
  Processed 80000 records...
  Processed 80100 records...
  Processed 80200 records...
  Processed 80300 records...
  Processed 80400 records...
  Processed 80500 records...
  Processed 80600 records...
  Processed 80700 records...
  Processed 80800 records...
  Processed 80900 records...
  Processed 81000 records...
  Processed 81100 records...
  Processed 81200 records...
  Processed 81300 records...
  Processed 81400 records...
  Processed 81500 records...
  Processed 81600 records...
  Processed 81700 records...
  Processed 81800 records...
  Processed 81900 records...
  Processed 82000 records...
  Processed 82100 records...
  Processed 82200 records...
  Processed 82300 records...
  Processed 82400 records...
  Processed 82500 records...
  Processed 82600 records...
  Processed 82700 records...
  Processed 82800 records...
  Processed 82900 records...
  Processed 83000 records...
  Processed 83100 records...
  Processed 83200 records...
  Processed 83300 records...
  Processed 83400 records...
  Processed 83500 records...
  Processed 83600 records...
  Processed 83700 records...
  Processed 83800 records...
  Processed 83900 records...
  Processed 84000 records...
  Processed 84100 records...
  Processed 84200 records...
  Processed 84300 records...
  Processed 84400 records...
  Processed 84500 records...
  Processed 84600 records...
  Processed 84700 records...
  Processed 84800 records...
  Processed 84900 records...
  Processed 85000 records...
  Processed 85100 records...
  Processed 85200 records...
  Processed 85300 records...
  Processed 85400 records...
  Processed 85500 records...
  Processed 85600 records...
  Processed 85700 records...
  Processed 85800 records...
  Processed 85900 records...
  Processed 86000 records...
  Processed 86100 records...
  Processed 86200 records...
  Processed 86300 records...
  Processed 86400 records...
  Processed 86500 records...
  Processed 86600 records...
  Processed 86700 records...
  Processed 86800 records...
  Processed 86900 records...
  Processed 87000 records...
  Processed 87100 records...
  Processed 87200 records...
  Processed 87300 records...
  Processed 87400 records...
  Processed 87500 records...
  Processed 87600 records...
  Processed 87700 records...
  Processed 87800 records...
  Processed 87900 records...
  Processed 88000 records...
  Processed 88100 records...
  Processed 88200 records...
  Processed 88300 records...
  Processed 88400 records...
  Processed 88500 records...
  Processed 88600 records...
  Processed 88700 records...
  Processed 88800 records...
  Processed 88900 records...
  Processed 89000 records...
  Processed 89100 records...
  Processed 89200 records...
  Processed 89300 records...
  Processed 89400 records...
  Processed 89500 records...
  Processed 89600 records...
  Processed 89700 records...
  Processed 89800 records...
  Processed 89900 records...
  Processed 90000 records...
  Processed 90100 records...
  Processed 90200 records...
  Processed 90300 records...
  Processed 90400 records...
  Processed 90500 records...
  Processed 90600 records...
  Processed 90700 records...
  Processed 90800 records...
  Processed 90900 records...
  Processed 91000 records...
  Processed 91100 records...
  Processed 91200 records...
  Processed 91300 records...
  Processed 91400 records...
  Processed 91500 records...
  Processed 91600 records...
  Processed 91700 records...
  Processed 91800 records...
  Processed 91900 records...
  Processed 92000 records...
  Processed 92100 records...
  Processed 92200 records...
  Processed 92300 records...
  Processed 92400 records...
  Processed 92500 records...
  Processed 92600 records...
  Processed 92700 records...
  Processed 92800 records...
  Processed 92900 records...
  Processed 93000 records...
  Processed 93100 records...
  Processed 93200 records...
  Processed 93300 records...
  Processed 93400 records...
  Processed 93500 records...
  Processed 93600 records...
  Processed 93700 records...
  Processed 93800 records...
  Processed 93900 records...
  Processed 94000 records...
  Processed 94100 records...
  Processed 94200 records...
  Processed 94300 records...
  Processed 94400 records...
  Processed 94500 records...
  Processed 94600 records...
  Processed 94700 records...
  Processed 94800 records...
  Processed 94900 records...
  Processed 95000 records...
  Processed 95100 records...
  Processed 95200 records...
  Processed 95300 records...
  Processed 95400 records...
  Processed 95500 records...
  Processed 95600 records...
  Processed 95700 records...
  Processed 95800 records...
  Processed 95900 records...
  Processed 96000 records...
  Processed 96100 records...
  Processed 96200 records...
  Processed 96300 records...
  Processed 96400 records...
  Processed 96500 records...
  Processed 96600 records...
  Processed 96700 records...
  Processed 96800 records...
  Processed 96900 records...
  Processed 97000 records...
  Processed 97100 records...
  Processed 97200 records...
  Processed 97300 records...
  Processed 97400 records...
  Processed 97500 records...
  Processed 97600 records...
  Processed 97700 records...
  Processed 97800 records...
  Processed 97900 records...
  Processed 98000 records...
  Processed 98100 records...
  Processed 98200 records...
  Processed 98300 records...
  Processed 98400 records...
  Processed 98500 records...
  Processed 98600 records...
  Processed 98700 records...
  Processed 98800 records...
  Processed 98900 records...
  Processed 99000 records...
  Processed 99100 records...
  Processed 99200 records...
  Processed 99300 records...
  Processed 99400 records...
  Processed 99500 records...
  Processed 99600 records...
  Processed 99700 records...
  Processed 99800 records...
  Processed 99900 records...
  Processed 100000 records...
  Processed 100100 records...
  Processed 100200 records...
  Processed 100300 records...
  Processed 100400 records...
  Processed 100500 records...
  Processed 100600 records...
  Processed 100700 records...
  Processed 100800 records...
  Processed 100900 records...
  Processed 101000 records...
  Processed 101100 records...
  Processed 101200 records...
  Processed 101300 records...
  Processed 101400 records...
  Processed 101500 records...
  Processed 101600 records...
  Processed 101700 records...
  Processed 101800 records...
  Processed 101900 records...
  Processed 102000 records...
  Processed 102100 records...
  Processed 102200 records...
  Processed 102300 records...
  Processed 102400 records...
  Processed 102500 records...
  Processed 102600 records...
  Processed 102700 records...
  Processed 102800 records...
  Processed 102900 records...
  Processed 103000 records...
  Processed 103100 records...
  Processed 103200 records...
  Processed 103300 records...
  Processed 103400 records...
  Processed 103500 records...
  Processed 103600 records...
  Processed 103700 records...
  Processed 103800 records...
  Processed 103900 records...
  Processed 104000 records...
  Processed 104100 records...
  Processed 104200 records...
  Processed 104300 records...
  Processed 104400 records...
  Processed 104500 records...
  Processed 104600 records...
  Processed 104700 records...
  Processed 104800 records...
  Processed 104900 records...
  Processed 105000 records...
  Processed 105100 records...
  Processed 105200 records...
  Processed 105300 records...
  Processed 105400 records...
  Processed 105500 records...
  Processed 105600 records...
  Processed 105700 records...
  Processed 105800 records...
  Processed 105900 records...
  Processed 106000 records...
  Processed 106100 records...
  Processed 106200 records...
  Processed 106300 records...
  Processed 106400 records...
  Processed 106500 records...
  Processed 106600 records...
  Processed 106700 records...
  Processed 106800 records...
  Processed 106900 records...
  Processed 107000 records...
  Processed 107100 records...
  Processed 107200 records...
  Processed 107300 records...
  Processed 107400 records...
  Processed 107500 records...
  Processed 107600 records...
  Processed 107700 records...
  Processed 107800 records...
  Processed 107900 records...
  Processed 108000 records...
  Processed 108100 records...
  Processed 108200 records...
  Processed 108300 records...
  Processed 108400 records...
  Processed 108500 records...
  Processed 108600 records...
  Processed 108700 records...
  Processed 108800 records...
  Processed 108900 records...
  Processed 109000 records...
  Processed 109100 records...
  Processed 109200 records...
  Processed 109300 records...
  Processed 109400 records...
  Processed 109500 records...
  Processed 109600 records...
  Processed 109700 records...
  Processed 109800 records...
  Processed 109900 records...
  Processed 110000 records...
  Processed 110100 records...
  Processed 110200 records...
  Processed 110300 records...
  Processed 110400 records...
  Processed 110500 records...
  Processed 110600 records...
  Processed 110700 records...
  Processed 110800 records...
  Processed 110900 records...
  Processed 111000 records...
  Processed 111100 records...
  Processed 111200 records...
  Processed 111300 records...
  Processed 111400 records...
  Processed 111500 records...
  Processed 111600 records...
  Processed 111700 records...
  Processed 111800 records...
  Processed 111900 records...
  Processed 112000 records...
  Processed 112100 records...
  Processed 112200 records...
  Processed 112300 records...
  Processed 112400 records...
  Processed 112500 records...
  Processed 112600 records...
  Processed 112700 records...
  Processed 112800 records...
  Processed 112900 records...
  Processed 113000 records...
  Processed 113100 records...
  Processed 113200 records...
  Processed 113300 records...
  Processed 113400 records...
  Processed 113500 records...
  Processed 113600 records...
  Processed 113700 records...
  Processed 113800 records...
  Processed 113900 records...
  Processed 114000 records...
  Processed 114100 records...
  Processed 114200 records...
  Processed 114300 records...
  Processed 114400 records...
  Processed 114500 records...
  Processed 114600 records...
  Processed 114700 records...
  Processed 114800 records...
  Processed 114900 records...
  Processed 115000 records...
  Processed 115100 records...
  Processed 115200 records...
  Processed 115300 records...
  Processed 115400 records...
  Processed 115500 records...
  Processed 115600 records...
  Processed 115700 records...
  Processed 115800 records...
  Processed 115900 records...
  Processed 116000 records...
  Processed 116100 records...
  Processed 116200 records...
  Processed 116300 records...
  Processed 116400 records...
  Processed 116500 records...
  Processed 116600 records...
  Processed 116700 records...
  Processed 116800 records...
  Processed 116900 records...
  Processed 117000 records...
  Processed 117100 records...
  Processed 117200 records...
  Processed 117300 records...
  Processed 117400 records...
  Processed 117500 records...
  Processed 117600 records...
  Processed 117700 records...
  Processed 117800 records...
  Processed 117900 records...
  Processed 118000 records...
  Processed 118100 records...
  Processed 118200 records...
  Processed 118300 records...
  Processed 118400 records...
  Processed 118500 records...
  Processed 118600 records...
  Processed 118700 records...
  Processed 118800 records...
  Processed 118900 records...
  Processed 119000 records...
  Processed 119100 records...
  Processed 119200 records...
  Processed 119300 records...
  Processed 119400 records...
  Processed 119500 records...
  Processed 119600 records...
  Processed 119700 records...
  Processed 119800 records...
  Processed 119900 records...
  Processed 120000 records...
  Processed 120100 records...
  Processed 120200 records...
  Processed 120300 records...
  Processed 120400 records...
  Processed 120500 records...
  Processed 120600 records...
  Processed 120700 records...
  Processed 120800 records...
  Processed 120900 records...
  Processed 121000 records...
  Processed 121100 records...
  Processed 121200 records...
  Processed 121300 records...
  Processed 121400 records...
  Processed 121500 records...
  Processed 121600 records...
  Processed 121700 records...
  Processed 121800 records...
  Processed 121900 records...
  Processed 122000 records...
  Processed 122100 records...
  Processed 122200 records...
  Processed 122300 records...
  Processed 122400 records...
  Processed 122500 records...
  Processed 122600 records...
  Processed 122700 records...
  Processed 122800 records...
  Processed 122900 records...
  Processed 123000 records...
  Processed 123100 records...
  Processed 123200 records...
  Processed 123300 records...
  Processed 123400 records...
  Processed 123500 records...
  Processed 123600 records...
  Processed 123700 records...
  Processed 123800 records...
  Processed 123900 records...
  Processed 124000 records...
  Processed 124100 records...
  Processed 124200 records...
  Processed 124300 records...
  Processed 124400 records...
  Processed 124500 records...
  Processed 124600 records...
  Processed 124700 records...
  Processed 124800 records...
  Processed 124900 records...
  Processed 125000 records...
  Processed 125100 records...
  Processed 125200 records...
  Processed 125300 records...
  Processed 125400 records...
  Processed 125500 records...
  Processed 125600 records...
  Processed 125700 records...
  Processed 125800 records...
  Processed 125900 records...
  Processed 126000 records...
  Processed 126100 records...
  Processed 126200 records...
  Processed 126300 records...
  Processed 126400 records...
  Processed 126500 records...
  Processed 126600 records...
  Processed 126700 records...
  Processed 126800 records...
  Processed 126900 records...
  Processed 127000 records...
  Processed 127100 records...
  Processed 127200 records...
  Processed 127300 records...
  Processed 127400 records...
  Processed 127500 records...
  Processed 127600 records...
  Processed 127700 records...
  Processed 127800 records...
  Processed 127900 records...
  Processed 128000 records...
  Processed 128100 records...
  Processed 128200 records...
  Processed 128300 records...
  Processed 128400 records...
  Processed 128500 records...
  Processed 128600 records...
  Processed 128700 records...
  Processed 128800 records...
  Processed 128900 records...
  Processed 129000 records...
  Processed 129100 records...
  Processed 129200 records...
  Processed 129300 records...
  Processed 129400 records...
  Processed 129500 records...
  Processed 129600 records...
  Processed 129700 records...
  Processed 129800 records...
  Processed 129900 records...
  Processed 130000 records...
  Processed 130100 records...
  Processed 130200 records...
  Processed 130300 records...
  Processed 130400 records...
  Processed 130500 records...
  Processed 130600 records...
  Processed 130700 records...
  Processed 130800 records...
  Processed 130900 records...
  Processed 131000 records...
  Processed 131100 records...
  Processed 131200 records...
  Processed 131300 records...
  Processed 131400 records...
  Processed 131500 records...
  Processed 131600 records...
  Processed 131700 records...
  Processed 131800 records...
  Processed 131900 records...
  Processed 132000 records...
  Processed 132100 records...
  Processed 132200 records...
  Processed 132300 records...
  Processed 132400 records...
  Processed 132500 records...
  Processed 132600 records...
  Processed 132700 records...
  Processed 132800 records...
  Processed 132900 records...
  Processed 133000 records...
  Processed 133100 records...
  Processed 133200 records...
  Processed 133300 records...
  Processed 133400 records...
  Processed 133500 records...
  Processed 133600 records...
  Processed 133700 records...
  Processed 133800 records...
  Processed 133900 records...
  Processed 134000 records...
  Processed 134100 records...
  Processed 134200 records...
  Processed 134300 records...
  Processed 134400 records...
  Processed 134500 records...
  Processed 134600 records...
  Processed 134700 records...
  Processed 134800 records...
  Processed 134900 records...
  Processed 135000 records...
  Processed 135100 records...
  Processed 135200 records...
  Processed 135300 records...
  Processed 135400 records...
  Processed 135500 records...
  Processed 135600 records...
  Processed 135700 records...
  Processed 135800 records...
  Processed 135900 records...
  Processed 136000 records...
  Processed 136100 records...
  Processed 136200 records...
  Processed 136300 records...
  Processed 136400 records...
  Processed 136500 records...
  Processed 136600 records...
  Processed 136700 records...
  Processed 136800 records...
  Processed 136900 records...
  Processed 137000 records...
  Processed 137100 records...
  Processed 137200 records...
  Processed 137300 records...
  Processed 137400 records...
  Processed 137500 records...
  Processed 137600 records...
  Processed 137700 records...
  Processed 137800 records...
  Processed 137900 records...
  Processed 138000 records...
  Processed 138100 records...
  Processed 138200 records...
  Processed 138300 records...
  Processed 138400 records...
  Processed 138500 records...
  Processed 138600 records...
  Processed 138700 records...
  Processed 138800 records...
  Processed 138900 records...
  Processed 139000 records...
  Processed 139100 records...
  Processed 139200 records...
  Processed 139300 records...
  Processed 139400 records...
  Processed 139500 records...
  Processed 139600 records...
  Processed 139700 records...
  Processed 139800 records...
  Processed 139900 records...
  Processed 140000 records...
  Processed 140100 records...
  Processed 140200 records...
  Processed 140300 records...
  Processed 140400 records...
  Processed 140500 records...
  Processed 140600 records...
  Processed 140700 records...
  Processed 140800 records...
  Processed 140900 records...
  Processed 141000 records...
  Processed 141100 records...
  Processed 141200 records...
  Processed 141300 records...
  Processed 141400 records...
  Processed 141500 records...
  Processed 141600 records...
  Processed 141700 records...
  Processed 141800 records...
  Processed 141900 records...
  Processed 142000 records...
  Processed 142100 records...
  Processed 142200 records...
  Processed 142300 records...
  Processed 142400 records...
  Processed 142500 records...
  Processed 142600 records...
  Processed 142700 records...
  Processed 142800 records...
  Processed 142900 records...
  Processed 143000 records...
  Processed 143100 records...
  Processed 143200 records...
  Processed 143300 records...
  Processed 143400 records...
  Processed 143500 records...
  Processed 143600 records...
  Processed 143700 records...
  Processed 143800 records...
  Processed 143900 records...
  Processed 144000 records...
  Processed 144100 records...
  Processed 144200 records...
  Processed 144300 records...
  Processed 144400 records...
  Processed 144500 records...
  Processed 144600 records...
  Processed 144700 records...
  Processed 144800 records...
  Processed 144900 records...
  Processed 145000 records...
  Processed 145100 records...
  Processed 145200 records...
  Processed 145300 records...
  Processed 145400 records...
  Processed 145500 records...
  Processed 145600 records...
  Processed 145700 records...
  Processed 145800 records...
  Processed 145900 records...
  Processed 146000 records...
  Processed 146100 records...
  Processed 146200 records...
  Processed 146300 records...
  Processed 146400 records...
  Processed 146500 records...
  Processed 146600 records...
  Processed 146700 records...
  Processed 146800 records...
  Processed 146900 records...
  Processed 147000 records...
  Processed 147100 records...
  Processed 147200 records...
✅ train: 147289 records written to data/v1/train.jsonl
Processing validation: 8204 images found
  Processed 100 records...
  Processed 200 records...
  Processed 300 records...
  Processed 400 records...
  Processed 500 records...
  Processed 600 records...
  Processed 700 records...
  Processed 800 records...
  Processed 900 records...
  Processed 1000 records...
  Processed 1100 records...
  Processed 1200 records...
  Processed 1300 records...
  Processed 1400 records...
  Processed 1500 records...
  Processed 1600 records...
  Processed 1700 records...
  Processed 1800 records...
  Processed 1900 records...
  Processed 2000 records...
  Processed 2100 records...
  Processed 2200 records...
  Processed 2300 records...
  Processed 2400 records...
  Processed 2500 records...
  Processed 2600 records...
  Processed 2700 records...
  Processed 2800 records...
  Processed 2900 records...
  Processed 3000 records...
  Processed 3100 records...
  Processed 3200 records...
  Processed 3300 records...
  Processed 3400 records...
  Processed 3500 records...
  Processed 3600 records...
  Processed 3700 records...
  Processed 3800 records...
  Processed 3900 records...
  Processed 4000 records...
  Processed 4100 records...
  Processed 4200 records...
  Processed 4300 records...
  Processed 4400 records...
  Processed 4500 records...
  Processed 4600 records...
  Processed 4700 records...
  Processed 4800 records...
  Processed 4900 records...
  Processed 5000 records...
  Processed 5100 records...
  Processed 5200 records...
  Processed 5300 records...
  Processed 5400 records...
  Processed 5500 records...
  Processed 5600 records...
  Processed 5700 records...
  Processed 5800 records...
  Processed 5900 records...
  Processed 6000 records...
  Processed 6100 records...
  Processed 6200 records...
  Processed 6300 records...
  Processed 6400 records...
  Processed 6500 records...
  Processed 6600 records...
  Processed 6700 records...
  Processed 6800 records...
  Processed 6900 records...
  Processed 7000 records...
  Processed 7100 records...
  Processed 7200 records...
  Processed 7300 records...
  Processed 7400 records...
  Processed 7500 records...
  Processed 7600 records...
  Processed 7700 records...
  Processed 7800 records...
  Processed 7900 records...
  Processed 8000 records...
  Processed 8100 records...
  Processed 8200 records...
✅ validation: 8204 records written to data/v1/validation.jsonl
Processing test: 7355 images found
  Processed 100 records...
  Processed 200 records...
  Processed 300 records...
  Processed 400 records...
  Processed 500 records...
  Processed 600 records...
  Processed 700 records...
  Processed 800 records...
  Processed 900 records...
  Processed 1000 records...
  Processed 1100 records...
  Processed 1200 records...
  Processed 1300 records...
  Processed 1400 records...
  Processed 1500 records...
  Processed 1600 records...
  Processed 1700 records...
  Processed 1800 records...
  Processed 1900 records...
  Processed 2000 records...
  Processed 2100 records...
  Processed 2200 records...
  Processed 2300 records...
  Processed 2400 records...
  Processed 2500 records...
  Processed 2600 records...
  Processed 2700 records...
  Processed 2800 records...
  Processed 2900 records...
  Processed 3000 records...
  Processed 3100 records...
  Processed 3200 records...
  Processed 3300 records...
  Processed 3400 records...
  Processed 3500 records...
  Processed 3600 records...
  Processed 3700 records...
  Processed 3800 records...
  Processed 3900 records...
  Processed 4000 records...
  Processed 4100 records...
  Processed 4200 records...
  Processed 4300 records...
  Processed 4400 records...
  Processed 4500 records...
  Processed 4600 records...
  Processed 4700 records...
  Processed 4800 records...
  Processed 4900 records...
  Processed 5000 records...
  Processed 5100 records...
  Processed 5200 records...
  Processed 5300 records...
  Processed 5400 records...
  Processed 5500 records...
  Processed 5600 records...
  Processed 5700 records...
  Processed 5800 records...
  Processed 5900 records...
  Processed 6000 records...
  Processed 6100 records...
  Processed 6200 records...
  Processed 6300 records...
  Processed 6400 records...
  Processed 6500 records...
  Processed 6600 records...
  Processed 6700 records...
  Processed 6800 records...
  Processed 6900 records...
  Processed 7000 records...
  Processed 7100 records...
  Processed 7200 records...
  Processed 7300 records...
✅ test: 7355 records written to data/v1/test.jsonl
============================================================
✅ Conversion complete: 162848 total records
📁 Output directory: data/v1
============================================================
